
            info["SC00"][HP] = 0;
            info["SC00"][ATK] = 0;
            info["SC00"][DEF] = 0;
            info["SC00"][ASPD] = 0;
            info["SC00"][RANGE] = 0;
            info["SC00"][BONUS_HP] = 11000;
            info["SC00"][BONUS_ATK] = 10000;
            info["SC00"][BONUS_DEF] = 11000;
            info["SC00"][BONUS_ASPD] = 10000;
            info["SC00"][CRIT] = 0;
            info["SC00"][DODGE] = 0;
            info["SC00"][LIFESTEAL] = 0;

            info["SC01"][HP] = 0;
            info["SC01"][ATK] = 0;
            info["SC01"][DEF] = 0;
            info["SC01"][ASPD] = 0;
            info["SC01"][RANGE] = 0;
            info["SC01"][BONUS_HP] = 10000;
            info["SC01"][BONUS_ATK] = 10000;
            info["SC01"][BONUS_DEF] = 10000;
            info["SC01"][BONUS_ASPD] = 11000;
            info["SC01"][CRIT] = 0;
            info["SC01"][DODGE] = 500;
            info["SC01"][LIFESTEAL] = 0;

            info["SC02"][HP] = 0;
            info["SC02"][ATK] = 0;
            info["SC02"][DEF] = 0;
            info["SC02"][ASPD] = 0;
            info["SC02"][RANGE] = 0;
            info["SC02"][BONUS_HP] = 10000;
            info["SC02"][BONUS_ATK] = 11000;
            info["SC02"][BONUS_DEF] = 10000;
            info["SC02"][BONUS_ASPD] = 11000;
            info["SC02"][CRIT] = 0;
            info["SC02"][DODGE] = 0;
            info["SC02"][LIFESTEAL] = 0;

            info["SC03"][HP] = 0;
            info["SC03"][ATK] = 0;
            info["SC03"][DEF] = 0;
            info["SC03"][ASPD] = 0;
            info["SC03"][RANGE] = 0;
            info["SC03"][BONUS_HP] = 10000;
            info["SC03"][BONUS_ATK] = 10000;
            info["SC03"][BONUS_DEF] = 10000;
            info["SC03"][BONUS_ASPD] = 10000;
            info["SC03"][CRIT] = 0;
            info["SC03"][DODGE] = 0;
            info["SC03"][LIFESTEAL] = 1000;

            info["SC04"][HP] = 0;
            info["SC04"][ATK] = 0;
            info["SC04"][DEF] = 0;
            info["SC04"][ASPD] = 0;
            info["SC04"][RANGE] = 0;
            info["SC04"][BONUS_HP] = 10000;
            info["SC04"][BONUS_ATK] = 10000;
            info["SC04"][BONUS_DEF] = 10000;
            info["SC04"][BONUS_ASPD] = 10000;
            info["SC04"][CRIT] = 1000;
            info["SC04"][DODGE] = 0;
            info["SC04"][LIFESTEAL] = 0;
